// Jest Snapshot v1, https://goo.gl/fbAQLP

exports[`IndexPage should return IndexPage component 1`] = `
<div>
  Hello World!
</div>
`;
