// Jest Snapshot v1, https://goo.gl/fbAQLP

exports[`App App を生成 1`] = `
<div
  className="provider2"
>
  <div
    className="provider1"
  >
    <div>
      test
    </div>
  </div>
</div>
`;
