// Jest Snapshot v1, https://goo.gl/fbAQLP

exports[`ReactNativeForWebTheme should return theme 1`] = `
<div
  className="css-view-1dbjc4n"
  style={
    Object {
      "display": "flex",
    }
  }
>
  <div>
    test
  </div>
</div>
`;
