// Jest Snapshot v1, https://goo.gl/fbAQLP

exports[`Auth0Auth Authのコンテキストプロバイダー 1`] = `"test"`;
