// Jest Snapshot v1, https://goo.gl/fbAQLP

exports[`AuthComponent Auth0のコンテキストプロバイダー 1`] = `null`;
