// Jest Snapshot v1, https://goo.gl/fbAQLP

exports[`LoadingComponent ローディング用 View を描画する 1`] = `null`;
